Total passed courses: 22 (78.57%)
course code,credits,grade (10 - scale),grade (4 - scale),grade (A - scale),course type
CSC10001,4,10.00,4.00,A+,BB
MTH00086,1,10.00,4.00,A+,BB
MTH00082,1,9.00,3.60,A+,BB
CSC00004,4,8.50,3.40,A,BB
CSC10002,4,8.50,3.40,A,BB
CSC10004,4,8.50,3.40,A,BB
CSC10008,4,8.50,3.40,A,BB
BIO00002,3,8.50,3.40,A,TC
MTH00004,3,8.00,3.20,A,BB
BAA00104,2,8.00,3.20,A,BB
BAA00103,2,8.00,3.20,A,BB
MTH00040,3,7.50,3.00,B+,BB
MTH00085,1,7.50,3.00,B+,BB
BAA00004,3,7.00,2.80,B+,BB
BIO00001,3,7.00,2.80,B+,TC
BAA00101,3,7.00,2.80,B+,BB
MTH00083,1,6.50,2.60,B,BB
BAA00102,2,6.00,2.40,B,BB
MTH00081,1,5.50,2.20,C,BB
MTH00003,3,5.00,2.00,C,BB
MTH00041,3,5.00,2.00,C,BB
BAA00005,2,5.00,2.00,C,TC
Overall,57,7.61,3.04,B+,N/A
Passed credit details: 
Courses type BB: 49 (85.96%)
Courses type TC: 8 (14.04%)

Total failed courses: 6 (21.43%)
course code,credits,grade (10 - scale),grade (4 - scale),grade (A - scale),course type
CSC10003,4,0.00,0.00,F,BB
CSC10006,4,0.00,0.00,F,BB
MTH00050,4,0.00,0.00,F,BB
MTH00030,3,0.00,0.00,F,BB
BAA00003,2,0.00,0.00,F,BB
CSC10009,2,0.00,0.00,F,BB
Overall,19,None,None,None,N/A
