Error happened while reading file data/no_fail.csv, on line 8 (stod)
Error happened while reading file data/no_fail.csv, on line 16 (stod)
Error happened while reading file data/no_fail.csv, on line 25 (stod)
Total passed courses: 28 (100.00%)
course code,credits,grade (10 - scale),grade (4 - scale),grade (A - scale),course type
CSC10001,4,10.00,4.00,A+,BB
CSC10003,4,10.00,4.00,A+,BB
MTH00086,1,10.00,4.00,A+,BB
MTH00050,4,9.50,3.80,A+,BB
MTH00082,1,9.00,3.60,A+,BB
CSC00004,4,8.50,3.40,A,BB
CSC10002,4,8.50,3.40,A,BB
CSC10004,4,8.50,3.40,A,BB
CSC10008,4,8.50,3.40,A,BB
CSC10006,4,8.50,3.40,A,BB
BIO00002,3,8.50,3.40,A,TC
MTH00030,3,8.50,3.40,A,BB
CSC10009,2,8.50,3.40,A,BB
MTH00004,3,8.00,3.20,A,BB
BAA00104,2,8.00,3.20,A,BB
BAA00103,2,8.00,3.20,A,BB
BAA00003,2,8.00,3.20,A,BB
MTH00040,3,7.50,3.00,B+,BB
MTH00085,1,7.50,3.00,B+,BB
BAA00004,3,7.00,2.80,B+,BB
BIO00001,3,7.00,2.80,B+,TC
BAA00101,3,7.00,2.80,B+,BB
MTH00083,1,6.50,2.60,B,BB
BAA00102,2,6.00,2.40,B,BB
MTH00081,1,5.50,2.20,C,BB
MTH00003,3,5.00,2.00,C,BB
MTH00041,3,5.00,2.00,C,BB
BAA00005,2,5.00,2.00,C,BB
Overall,76,7.95,3.18,B+,N/A
Passed credit details: 
Courses type BB: 70 (92.11%)
Courses type TC: 6 (7.89%)

Total failed courses: 0 (0.00%)
