Total passed courses: 5 (62.50%)
+-------------+---------+--------------------+-------------------+-------------------+-------------+
| course code | credits | grade (10 - scale) | grade (4 - scale) | grade (A - scale) | course type |
+-------------+---------+--------------------+-------------------+-------------------+-------------+
|    CSC10001 |       4 |              10.00 |              4.00 |                A+ |          BB |
|    CSC00004 |       4 |               8.50 |              3.40 |                 A |          BB |
|    CSC10002 |       4 |               8.50 |              3.40 |                 A |          BB |
|    CSC10004 |       4 |               8.50 |              3.40 |                 A |          BB |
|    CSC10008 |       4 |               8.50 |              3.40 |                 A |          BB |
+-------------+---------+--------------------+-------------------+-------------------+-------------+
|     Overall |      20 |               8.80 |              3.52 |                 A |         N/A |
+-------------+---------+--------------------+-------------------+-------------------+-------------+
Passed credit details: 
Courses type BB: 20 (100.00%)

Total failed courses: 3 (37.50%)
+-------------+---------+--------------------+-------------------+-------------------+-------------+
| course code | credits | grade (10 - scale) | grade (4 - scale) | grade (A - scale) | course type |
+-------------+---------+--------------------+-------------------+-------------------+-------------+
|    CSC10003 |       4 |               0.00 |              0.00 |                 F |          BB |
|    CSC10006 |       4 |               0.00 |              0.00 |                 F |          BB |
|    CSC10009 |       2 |               0.00 |              0.00 |                 F |          BB |
+-------------+---------+--------------------+-------------------+-------------------+-------------+
|     Overall |      10 |               None |              None |              None |         N/A |
+-------------+---------+--------------------+-------------------+-------------------+-------------+
