THIS IS TEXTART

Total passed courses: 0 (0.00%)

Total failed courses: 1 (100.00%)
+-------------+---------+--------------------+-------------------+-------------------+-------------+
| course code | credits | grade (10 - scale) | grade (4 - scale) | grade (A - scale) | course type |
+-------------+---------+--------------------+-------------------+-------------------+-------------+
|    MTH00053 |       3 |               2.50 |              1.00 |                 F |          BB |
+-------------+---------+--------------------+-------------------+-------------------+-------------+
|     Overall |       3 |               None |              None |              None |         N/A |
+-------------+---------+--------------------+-------------------+-------------------+-------------+
