THIS IS TEXTART

Total passed courses: 1 (100.00%)
+-------------+---------+--------------------+-------------------+-------------------+-------------+
| course code | credits | grade (10 - scale) | grade (4 - scale) | grade (A - scale) | course type |
+-------------+---------+--------------------+-------------------+-------------------+-------------+
|    MTH00053 |       3 |               8.00 |              3.20 |                 A |          BB |
+-------------+---------+--------------------+-------------------+-------------------+-------------+
|     Overall |       3 |               8.00 |              3.20 |                 A |         N/A |
+-------------+---------+--------------------+-------------------+-------------------+-------------+
Passed credit details: 
Courses type BB: 3 (100.00%)

Total failed courses: 0 (0.00%)
