Total passed courses: 2 (100.00%)
+-------------+---------+--------------------+-------------------+-------------------+-------------+
| course code | credits | grade (10 - scale) | grade (4 - scale) | grade (A - scale) | course type |
+-------------+---------+--------------------+-------------------+-------------------+-------------+
|    MTH00053 |       3 |               7.50 |              3.00 |                B+ |          TC |
|    MTH00053 |       3 |               6.00 |              2.40 |                 B |          BB |
+-------------+---------+--------------------+-------------------+-------------------+-------------+
|     Overall |       6 |               6.75 |              2.70 |                 B |         N/A |
+-------------+---------+--------------------+-------------------+-------------------+-------------+
Passed credit details: 
Courses type BB: 3 (50.00%)
Courses type TC: 3 (50.00%)

Total failed courses: 0 (0.00%)
